TLC2 Version 2.19 of 08 August 2024 (rev: 5a47802)
Running breadth-first search Model-Checking with fp 63 and seed -4960820860849094160 with 2 workers on 10 cores with 1820MB heap and 64MB offheap memory [pid: 93356] (Mac OS X 26.6.2 aarch64, Homebrew 26.0.2 x86_64, MSBDiskFPSet, DiskStateQueue).
Parsing file /private/var/folders/55/fc4y6_3n0zzcmdns1zrh26tc0000gt/T/opencode/uvrr-wtF/formal/VrrCoreReincarnation.tla
Parsing file /private/var/folders/55/fc4y6_3n0zzcmdns1zrh26tc0000gt/T/FiniteSets.tla
Parsing file /private/var/folders/55/fc4y6_3n0zzcmdns1zrh26tc0000gt/T/Naturals.tla
Parsing file /private/var/folders/55/fc4y6_3n0zzcmdns1zrh26tc0000gt/T/TLC.tla
Parsing file /private/var/folders/55/fc4y6_3n0zzcmdns1zrh26tc0000gt/T/Sequences.tla
Semantic processing of module Naturals
Semantic processing of module Sequences
Semantic processing of module FiniteSets
Semantic processing of module TLC
Semantic processing of module VrrCoreReincarnation
Starting... (2026-09-11 01:55:08)
Implied-temporal checking--satisfiability problem has 1 branches.
Computing initial states...
Finished computing initial states: 1 distinct state generated at 2026-09-11 01:55:08.
Checking temporal properties for the current state space with 24983 total distinct states at (2026-09-11 01:55:11)
Finished checking temporal properties in 00s at 2026-09-11 01:55:11
Progress(19) at 2026-09-11 01:55:11: 384,781 states generated (384,781 s/min), 40,336 distinct states found (40,336 ds/min), 15,351 states left on queue.
Progress(26) at 2026-09-11 01:55:27: 2,318,131 states generated, 126,301 distinct states found, 0 states left on queue.
Checking temporal properties for the complete state space with 126301 total distinct states at (2026-09-11 01:55:27)
Finished checking temporal properties in 00s at 2026-09-11 01:55:27
Model checking completed. No error has been found.
  Estimates of the probability that TLC did not check all reachable states
  because two distinct states had the same fingerprint:
  calculated (optimistic):  val = 1.5E-8
  based on the actual fingerprints:  val = 1.8E-10
2318131 states generated, 126301 distinct states found, 0 states left on queue.
The depth of the complete state graph search is 26.
The average outdegree of the complete state graph is 1 (minimum is 0, the maximum 11 and the 95th percentile is 4).
Finished in 18s at (2026-09-11 01:55:27)
