TLC2 Version 2.19 of 08 August 2024 (rev: 5a47802)
Warning: Please run the Java VM which executes TLC with a throughput optimized garbage collector by passing the "-XX:+UseParallelGC" property.
(Use the -nowarning option to disable this warning.)
Running breadth-first search Model-Checking with fp 4 and seed -4567444238146985959 with 2 workers on 10 cores with 2048MB heap and 64MB offheap memory [pid: 92118] (Mac OS X 26.6.2 aarch64, Homebrew 26.0.2 x86_64, MSBDiskFPSet, DiskStateQueue).
Parsing file /private/var/folders/55/fc4y6_3n0zzcmdns1zrh26tc0000gt/T/opencode/uvrr-wtF/formal/VrrCoreReincarnation.tla
Parsing file /private/var/folders/55/fc4y6_3n0zzcmdns1zrh26tc0000gt/T/FiniteSets.tla
Parsing file /private/var/folders/55/fc4y6_3n0zzcmdns1zrh26tc0000gt/T/Naturals.tla
Parsing file /private/var/folders/55/fc4y6_3n0zzcmdns1zrh26tc0000gt/T/TLC.tla
Parsing file /private/var/folders/55/fc4y6_3n0zzcmdns1zrh26tc0000gt/T/Sequences.tla
Semantic processing of module Naturals
Semantic processing of module Sequences
Semantic processing of module FiniteSets
Semantic processing of module TLC
Semantic processing of module VrrCoreReincarnation
Starting... (2026-09-11 01:46:56)
Computing initial states...
Finished computing initial states: 1 distinct state generated at 2026-09-11 01:46:56.
Progress(18) at 2026-09-11 01:46:59: 908,241 states generated (908,241 s/min), 83,713 distinct states found (83,713 ds/min), 22,389 states left on queue.
Progress(25) at 2026-09-11 01:47:59: 15,856,856 states generated (14,948,615 s/min), 973,269 distinct states found (889,556 ds/min), 187,734 states left on queue.
Model checking completed. No error has been found.
  Estimates of the probability that TLC did not check all reachable states
  because two distinct states had the same fingerprint:
  calculated (optimistic):  val = 1.7E-6
  based on the actual fingerprints:  val = 2.0E-7
26308632 states generated, 1253444 distinct states found, 0 states left on queue.
The depth of the complete state graph search is 31.
The average outdegree of the complete state graph is 1 (minimum is 0, the maximum 10 and the 95th percentile is 4).
Finished in 01min 47s at (2026-09-11 01:48:44)
