TLC2 Version 2.19 of 08 August 2024 (rev: 5a47802)
Warning: Please run the Java VM which executes TLC with a throughput optimized garbage collector by passing the "-XX:+UseParallelGC" property.
(Use the -nowarning option to disable this warning.)
Running breadth-first search Model-Checking with fp 6 and seed 5521232344986751916 with 2 workers on 10 cores with 2048MB heap and 64MB offheap memory [pid: 92035] (Mac OS X 26.6.2 aarch64, Homebrew 26.0.2 x86_64, MSBDiskFPSet, DiskStateQueue).
Parsing file /private/var/folders/55/fc4y6_3n0zzcmdns1zrh26tc0000gt/T/opencode/uvrr-wtF/formal/VrrCoreReincarnation.tla
Parsing file /private/var/folders/55/fc4y6_3n0zzcmdns1zrh26tc0000gt/T/FiniteSets.tla
Parsing file /private/var/folders/55/fc4y6_3n0zzcmdns1zrh26tc0000gt/T/Naturals.tla
Parsing file /private/var/folders/55/fc4y6_3n0zzcmdns1zrh26tc0000gt/T/TLC.tla
Parsing file /private/var/folders/55/fc4y6_3n0zzcmdns1zrh26tc0000gt/T/Sequences.tla
Semantic processing of module Naturals
Semantic processing of module Sequences
Semantic processing of module FiniteSets
Semantic processing of module TLC
Semantic processing of module VrrCoreReincarnation
Starting... (2026-09-11 01:46:54)
Computing initial states...
Finished computing initial states: 1 distinct state generated at 2026-09-11 01:46:54.
Model checking completed. No error has been found.
  Estimates of the probability that TLC did not check all reachable states
  because two distinct states had the same fingerprint:
  calculated (optimistic):  val = 2.9E-16
221 states generated, 28 distinct states found, 0 states left on queue.
The depth of the complete state graph search is 14.
The average outdegree of the complete state graph is 1 (minimum is 0, the maximum 3 and the 95th percentile is 3).
Finished in 00s at (2026-09-11 01:46:54)
