TLC2 Version 2.19 of 08 August 2024 (rev: 5a47802)
Warning: Please run the Java VM which executes TLC with a throughput optimized garbage collector by passing the "-XX:+UseParallelGC" property.
(Use the -nowarning option to disable this warning.)
Running breadth-first search Model-Checking with fp 30 and seed -8724065344833712851 with 2 workers on 10 cores with 2048MB heap and 64MB offheap memory [pid: 58173] (Mac OS X 26.6.2 aarch64, Homebrew 26.0.2 x86_64, MSBDiskFPSet, DiskStateQueue).
Parsing file /Users/Shared/lua-lunet/vrr-core/.tmp/tlc-five/five/VrrCoreReincarnation.tla
Parsing file /private/var/folders/55/fc4y6_3n0zzcmdns1zrh26tc0000gt/T/FiniteSets.tla
Parsing file /private/var/folders/55/fc4y6_3n0zzcmdns1zrh26tc0000gt/T/Naturals.tla
Parsing file /private/var/folders/55/fc4y6_3n0zzcmdns1zrh26tc0000gt/T/TLC.tla
Parsing file /private/var/folders/55/fc4y6_3n0zzcmdns1zrh26tc0000gt/T/Sequences.tla
Semantic processing of module Naturals
Semantic processing of module Sequences
Semantic processing of module FiniteSets
Semantic processing of module TLC
Semantic processing of module VrrCoreReincarnation
Starting... (2026-09-08 17:02:34)
Computing initial states...
Finished computing initial states: 1 distinct state generated at 2026-09-08 17:02:34.
Progress(16) at 2026-09-08 17:02:37: 1,168,823 states generated (1,168,823 s/min), 125,900 distinct states found (125,900 ds/min), 49,649 states left on queue.
Model checking completed. No error has been found.
  Estimates of the probability that TLC did not check all reachable states
  because two distinct states had the same fingerprint:
  calculated (optimistic):  val = 6.4E-8
  based on the actual fingerprints:  val = 4.3E-11
4595361 states generated, 271552 distinct states found, 0 states left on queue.
The depth of the complete state graph search is 25.
The average outdegree of the complete state graph is 1 (minimum is 0, the maximum 7 and the 95th percentile is 4).
Finished in 11s at (2026-09-08 17:02:45)
