   Compiling vrr-core v0.1.0 (/Users/Shared/lua-lunet/vrr-core)
    Finished `test` profile [unoptimized + debuginfo] target(s) in 1.07s
     Running tests/recovery_delayed_fences.rs (target/debug/deps/recovery_delayed_fences-66b56423b902757c)

running 1 test

thread 'delayed_first_round_evidence_across_serial_recoveries_preserves_commits' (3968387) panicked at tests/harness/mod.rs:1364:13:
safety violation: CommittedDivergence { a: NodeId(0), b: NodeId(1), slot: Slot(3) }
step trace:
#1 t=0 provision n=3 stability=Volatile
#2 t=1 n=0 tick -> Published { revision: 1, effects: [Send { to: NodeId(1), era: Era(1), message: Message { header: Header { tag: Commit, view: ViewId { era: Era(1), view: View(0) }, slot: Slot(2) }, body: Commit { committed: Slot(2) } } }, Send { to: NodeId(2), era: Era(1), message: Message { header: Header { tag: Commit, view: ViewId { era: Era(1), view: View(0) }, slot: Slot(2) }, body: Commit { committed: Slot(2) } } }] }
#3 t=1 n=1 tick -> Published { revision: 1, effects: [] }
#4 t=1 n=2 tick -> Published { revision: 1, effects: [] }
#5 t=1 net deliver n0->n1 Commit e1 -> Published { revision: 2, effects: [] }
#6 t=1 net deliver n0->n2 Commit e1 -> Published { revision: 2, effects: [] }
#7 t=1 n=1 admin force-view e1v1 -> Published { revision: 3, effects: [Send { to: NodeId(0), era: Era(1), message: Message { header: Header { tag: StartViewChange, view: ViewId { era: Era(1), view: View(1) }, slot: Slot(0) }, body: StartViewChange } }, Send { to: NodeId(2), era: Era(1), message: Message { header: Header { tag: StartViewChange, view: ViewId { era: Era(1), view: View(1) }, slot: Slot(0) }, body: StartViewChange } }] }
#8 t=1 net drop-queued n0 k=1 [n1->n0 StartViewChange]
#9 t=1 net drop-queued n1 k=0 []
#10 t=1 net drop-queued n2 k=1 [n1->n2 StartViewChange]
#11 t=1 n=1 crash (disk recorded)
#12 t=1 n=1 restart(amnesiac)
#13 t=2 n=1 recover -> Published { revision: 1, effects: [Send { to: NodeId(0), era: Era(1), message: Message { header: Header { tag: Recovery, view: ViewId { era: Era(1), view: View(0) }, slot: Slot(0) }, body: Recovery { nonce: Tick(2) } } }, Send { to: NodeId(2), era: Era(1), message: Message { header: Header { tag: Recovery, view: ViewId { era: Era(1), view: View(0) }, slot: Slot(0) }, body: Recovery { nonce: Tick(2) } } }] }
#14 t=2 net deliver n1->n0 Recovery e1 -> Published { revision: 2, effects: [Send { to: NodeId(1), era: Era(1), message: Message { header: Header { tag: RecoveryResponse, view: ViewId { era: Era(1), view: View(0) }, slot: Slot(0) }, body: RecoveryResponse { nonce: Tick(2), view: ViewId { era: Era(1), view: View(0) }, accepted: Slot(2), committed: Slot(2), suffix: Some([LogEntry { slot: Slot(1), era: Era(0), payload: System(Void) }, LogEntry { slot: Slot(2), era: Era(1), payload: System(Init { order: [NodeId(0), NodeId(1), NodeId(2)] }) }]) } } }] }
#15 t=2 net drop-queued n1 k=1 [n0->n1 RecoveryResponse]
#16 t=2 net deliver n1->n2 Recovery e1 -> Published { revision: 3, effects: [Send { to: NodeId(1), era: Era(1), message: Message { header: Header { tag: RecoveryResponse, view: ViewId { era: Era(1), view: View(0) }, slot: Slot(0) }, body: RecoveryResponse { nonce: Tick(2), view: ViewId { era: Era(1), view: View(0) }, accepted: Slot(2), committed: Slot(2), suffix: None } } }] }
#17 t=2 net drop-queued n1 k=1 [n2->n1 RecoveryResponse]
#18 t=2 n=2 inject n1 StartViewChange s0 -> Published { revision: 4, effects: [Send { to: NodeId(0), era: Era(1), message: Message { header: Header { tag: StartViewChange, view: ViewId { era: Era(1), view: View(1) }, slot: Slot(0) }, body: StartViewChange } }, Send { to: NodeId(1), era: Era(1), message: Message { header: Header { tag: StartViewChange, view: ViewId { era: Era(1), view: View(1) }, slot: Slot(0) }, body: StartViewChange } }, Send { to: NodeId(1), era: Era(1), message: Message { header: Header { tag: DoViewChange, view: ViewId { era: Era(1), view: View(1) }, slot: Slot(2) }, body: DoViewChange { retained: ViewId { era: Era(1), view: View(0) }, accepted: Slot(2), committed: Slot(2), suffix: [LogEntry { slot: Slot(1), era: Era(0), payload: System(Void) }, LogEntry { slot: Slot(2), era: Era(1), payload: System(Init { order: [NodeId(0), NodeId(1), NodeId(2)] }) }], evidence: Ordinary, era_proof: EraProof { op: Init { order: [NodeId(0), NodeId(1), NodeId(2)] }, committed_at: Slot(2) } } } }] }
#19 t=2 net drop-queued n0 k=1 [n2->n0 StartViewChange]
#20 t=2 net drop-queued n1 k=2 [n2->n1 StartViewChange, n2->n1 DoViewChange]
#21 t=2 net drop-queued n2 k=0 []
#22 t=2 n=1 inject n0 RecoveryResponse s0 -> Published { revision: 2, effects: [] }
#23 t=2 n=1 inject n2 RecoveryResponse s0 -> Published { revision: 3, effects: [] }
#24 t=2 n=2 crash (disk recorded)
#25 t=2 n=2 restart(amnesiac)
#26 t=3 n=2 recover -> Published { revision: 1, effects: [Send { to: NodeId(0), era: Era(1), message: Message { header: Header { tag: Recovery, view: ViewId { era: Era(1), view: View(0) }, slot: Slot(0) }, body: Recovery { nonce: Tick(3) } } }, Send { to: NodeId(1), era: Era(1), message: Message { header: Header { tag: Recovery, view: ViewId { era: Era(1), view: View(0) }, slot: Slot(0) }, body: Recovery { nonce: Tick(3) } } }] }
#27 t=3 net deliver n2->n0 Recovery e1 -> Published { revision: 3, effects: [Send { to: NodeId(2), era: Era(1), message: Message { header: Header { tag: RecoveryResponse, view: ViewId { era: Era(1), view: View(0) }, slot: Slot(0) }, body: RecoveryResponse { nonce: Tick(3), view: ViewId { era: Era(1), view: View(0) }, accepted: Slot(2), committed: Slot(2), suffix: Some([LogEntry { slot: Slot(1), era: Era(0), payload: System(Void) }, LogEntry { slot: Slot(2), era: Era(1), payload: System(Init { order: [NodeId(0), NodeId(1), NodeId(2)] }) }]) } } }] }
#28 t=3 net deliver n2->n1 Recovery e1 -> Published { revision: 4, effects: [Send { to: NodeId(2), era: Era(1), message: Message { header: Header { tag: RecoveryResponse, view: ViewId { era: Era(1), view: View(0) }, slot: Slot(0) }, body: RecoveryResponse { nonce: Tick(3), view: ViewId { era: Era(1), view: View(0) }, accepted: Slot(2), committed: Slot(2), suffix: None } } }] }
#29 t=3 net deliver n0->n2 RecoveryResponse e1 -> Published { revision: 2, effects: [] }
#30 t=3 net deliver n1->n2 RecoveryResponse e1 -> Published { revision: 3, effects: [] }
#31 t=3 net drop-queued n0 k=0 []
#32 t=3 net drop-queued n1 k=0 []
#33 t=3 net drop-queued n2 k=0 []
#34 t=3 n=0 op=0000000000000000:0000000000000001 -> Published { revision: 4, effects: [Send { to: NodeId(1), era: Era(1), message: Message { header: Header { tag: Prepare, view: ViewId { era: Era(1), view: View(0) }, slot: Slot(3) }, body: Prepare { entry: LogEntry { slot: Slot(3), era: Era(1), payload: Operation { id: OperationId { msb: 0, lsb: 1 }, payload: [120] } }, committed: Slot(2) } } }, Send { to: NodeId(2), era: Era(1), message: Message { header: Header { tag: Prepare, view: ViewId { era: Era(1), view: View(0) }, slot: Slot(3) }, body: Prepare { entry: LogEntry { slot: Slot(3), era: Era(1), payload: Operation { id: OperationId { msb: 0, lsb: 1 }, payload: [120] } }, committed: Slot(2) } } }] }
#35 t=3 net deliver n0->n2 Prepare e1 -> Published { revision: 4, effects: [Send { to: NodeId(0), era: Era(1), message: Message { header: Header { tag: PrepareOk, view: ViewId { era: Era(1), view: View(0) }, slot: Slot(3) }, body: PrepareOk } }] }
#36 t=3 net deliver n2->n0 PrepareOk e1 -> Published { revision: 5, effects: [Apply { slot: Slot(3), operation_id: OperationId { msb: 0, lsb: 1 }, payload: [120] }, Send { to: NodeId(1), era: Era(1), message: Message { header: Header { tag: Commit, view: ViewId { era: Era(1), view: View(0) }, slot: Slot(3) }, body: Commit { committed: Slot(3) } } }, Send { to: NodeId(2), era: Era(1), message: Message { header: Header { tag: Commit, view: ViewId { era: Era(1), view: View(0) }, slot: Slot(3) }, body: Commit { committed: Slot(3) } } }] }
#37 t=3 net deliver n0->n2 Commit e1 -> Published { revision: 5, effects: [Apply { slot: Slot(3), operation_id: OperationId { msb: 0, lsb: 1 }, payload: [120] }] }
#38 t=3 n=0 apply s3 -> Published { revision: 6, effects: [] }
#39 t=3 n=2 apply s3 -> Published { revision: 6, effects: [] }
#40 t=3 net drop-queued n0 k=0 []
#41 t=3 net drop-queued n1 k=2 [n0->n1 Prepare, n0->n1 Commit]
#42 t=3 net drop-queued n2 k=0 []
#43 t=3 n=1 admin force-view e1v1 -> Published { revision: 5, effects: [Send { to: NodeId(0), era: Era(1), message: Message { header: Header { tag: StartViewChange, view: ViewId { era: Era(1), view: View(1) }, slot: Slot(0) }, body: StartViewChange } }, Send { to: NodeId(2), era: Era(1), message: Message { header: Header { tag: StartViewChange, view: ViewId { era: Era(1), view: View(1) }, slot: Slot(0) }, body: StartViewChange } }] }
#44 t=3 n=1 inject n2 StartViewChange s0 -> Published { revision: 6, effects: [] }
#45 t=3 n=1 inject n2 DoViewChange s2 -> Published { revision: 7, effects: [Send { to: NodeId(0), era: Era(1), message: Message { header: Header { tag: StartView, view: ViewId { era: Era(1), view: View(1) }, slot: Slot(2) }, body: StartView { suffix: [LogEntry { slot: Slot(1), era: Era(0), payload: System(Void) }, LogEntry { slot: Slot(2), era: Era(1), payload: System(Init { order: [NodeId(0), NodeId(1), NodeId(2)] }) }], accepted: Slot(2), committed: Slot(2), era_proof: EraProof { op: Init { order: [NodeId(0), NodeId(1), NodeId(2)] }, committed_at: Slot(2) } } } }, Send { to: NodeId(2), era: Era(1), message: Message { header: Header { tag: StartView, view: ViewId { era: Era(1), view: View(1) }, slot: Slot(2) }, body: StartView { suffix: [LogEntry { slot: Slot(1), era: Era(0), payload: System(Void) }, LogEntry { slot: Slot(2), era: Era(1), payload: System(Init { order: [NodeId(0), NodeId(1), NodeId(2)] }) }], accepted: Slot(2), committed: Slot(2), era_proof: EraProof { op: Init { order: [NodeId(0), NodeId(1), NodeId(2)] }, committed_at: Slot(2) } } } }] }
#46 t=3 net drop-queued n0 k=2 [n1->n0 StartViewChange, n1->n0 StartView]
#47 t=3 net drop-queued n1 k=0 []
#48 t=3 net drop-queued n2 k=2 [n1->n2 StartViewChange, n1->n2 StartView]
#49 t=3 n=2 crash (disk recorded)
#50 t=3 n=2 restart(amnesiac)
#51 t=4 n=2 recover -> Published { revision: 1, effects: [Send { to: NodeId(0), era: Era(1), message: Message { header: Header { tag: Recovery, view: ViewId { era: Era(1), view: View(0) }, slot: Slot(0) }, body: Recovery { nonce: Tick(4) } } }, Send { to: NodeId(1), era: Era(1), message: Message { header: Header { tag: Recovery, view: ViewId { era: Era(1), view: View(0) }, slot: Slot(0) }, body: Recovery { nonce: Tick(4) } } }] }
#52 t=4 net deliver n2->n0 Recovery e1 -> Published { revision: 7, effects: [Send { to: NodeId(2), era: Era(1), message: Message { header: Header { tag: RecoveryResponse, view: ViewId { era: Era(1), view: View(0) }, slot: Slot(0) }, body: RecoveryResponse { nonce: Tick(4), view: ViewId { era: Era(1), view: View(0) }, accepted: Slot(3), committed: Slot(3), suffix: Some([LogEntry { slot: Slot(1), era: Era(0), payload: System(Void) }, LogEntry { slot: Slot(2), era: Era(1), payload: System(Init { order: [NodeId(0), NodeId(1), NodeId(2)] }) }, LogEntry { slot: Slot(3), era: Era(1), payload: Operation { id: OperationId { msb: 0, lsb: 1 }, payload: [120] } }]) } } }] }
#53 t=4 net deliver n2->n1 Recovery e1 -> Published { revision: 8, effects: [Send { to: NodeId(2), era: Era(1), message: Message { header: Header { tag: RecoveryResponse, view: ViewId { era: Era(1), view: View(1) }, slot: Slot(0) }, body: RecoveryResponse { nonce: Tick(4), view: ViewId { era: Era(1), view: View(1) }, accepted: Slot(2), committed: Slot(2), suffix: Some([LogEntry { slot: Slot(1), era: Era(0), payload: System(Void) }, LogEntry { slot: Slot(2), era: Era(1), payload: System(Init { order: [NodeId(0), NodeId(1), NodeId(2)] }) }]) } } }] }
#54 t=4 net deliver n0->n2 RecoveryResponse e1 -> Published { revision: 2, effects: [] }
#55 t=4 net deliver n1->n2 RecoveryResponse e1 -> Published { revision: 3, effects: [] }
#56 t=4 net drop-queued n0 k=0 []
#57 t=4 net drop-queued n1 k=0 []
#58 t=4 net drop-queued n2 k=0 []
#59 t=4 n=1 op=0000000000000000:0000000000000002 -> Published { revision: 9, effects: [Send { to: NodeId(0), era: Era(1), message: Message { header: Header { tag: Prepare, view: ViewId { era: Era(1), view: View(1) }, slot: Slot(3) }, body: Prepare { entry: LogEntry { slot: Slot(3), era: Era(1), payload: Operation { id: OperationId { msb: 0, lsb: 2 }, payload: [121] } }, committed: Slot(2) } } }, Send { to: NodeId(2), era: Era(1), message: Message { header: Header { tag: Prepare, view: ViewId { era: Era(1), view: View(1) }, slot: Slot(3) }, body: Prepare { entry: LogEntry { slot: Slot(3), era: Era(1), payload: Operation { id: OperationId { msb: 0, lsb: 2 }, payload: [121] } }, committed: Slot(2) } } }] }
#60 t=4 net deliver n1->n2 Prepare e1 -> Published { revision: 4, effects: [Send { to: NodeId(1), era: Era(1), message: Message { header: Header { tag: PrepareOk, view: ViewId { era: Era(1), view: View(1) }, slot: Slot(3) }, body: PrepareOk } }] }
#61 t=4 net deliver n2->n1 PrepareOk e1 -> Published { revision: 10, effects: [Apply { slot: Slot(3), operation_id: OperationId { msb: 0, lsb: 2 }, payload: [121] }, Send { to: NodeId(0), era: Era(1), message: Message { header: Header { tag: Commit, view: ViewId { era: Era(1), view: View(1) }, slot: Slot(3) }, body: Commit { committed: Slot(3) } } }, Send { to: NodeId(2), era: Era(1), message: Message { header: Header { tag: Commit, view: ViewId { era: Era(1), view: View(1) }, slot: Slot(3) }, body: Commit { committed: Slot(3) } } }] }
note: run with `RUST_BACKTRACE=1` environment variable to display a backtrace
test delayed_first_round_evidence_across_serial_recoveries_preserves_commits ... FAILED

failures:

failures:
    delayed_first_round_evidence_across_serial_recoveries_preserves_commits

test result: FAILED. 0 passed; 1 failed; 0 ignored; 0 measured; 0 filtered out; finished in 0.00s

error: test failed, to rerun pass `--test recovery_delayed_fences`
